AR counter384 behavioral D:/BFH/Projektarbeiten_Semester4/VHDL_Brun/Projekt/Counter360.vhd sub00/vhpl13 1366668497
AR rgbencoder behavioral D:/BFH/Projektarbeiten_Semester4/VHDL_Brun/Projekt/RGBEncoder.vhd sub00/vhpl09 1366668495
EN pwmencoder NULL D:/BFH/Projektarbeiten_Semester4/VHDL_Brun/Projekt/PWMEncoder.vhd sub00/vhpl04 1366668490
AR counter256 behavioral D:/BFH/Projektarbeiten_Semester4/VHDL_Brun/Projekt/Counter256.vhd sub00/vhpl03 1366668489
AR pwmencoder behavioral D:/BFH/Projektarbeiten_Semester4/VHDL_Brun/Projekt/PWMEncoder.vhd sub00/vhpl05 1366668491
EN rotarydecoder NULL D:/BFH/Projektarbeiten_Semester4/VHDL_Brun/Projekt/RotaryDecoder.vhd sub00/vhpl06 1366668492
EN counter256 NULL D:/BFH/Projektarbeiten_Semester4/VHDL_Brun/Projekt/Counter256.vhd sub00/vhpl02 1366668488
AR counter360 behavioral D:/BFH/Projektarbeiten_Semester4/VHDL_Brun/Projekt/Counter360.vhd sub00/vhpl01 1366667412
EN counter360 NULL D:/BFH/Projektarbeiten_Semester4/VHDL_Brun/Projekt/Counter360.vhd sub00/vhpl00 1366667411
AR rotarydecoder behavioral D:/BFH/Projektarbeiten_Semester4/VHDL_Brun/Projekt/RotaryDecoder.vhd sub00/vhpl07 1366668493
EN counter384 NULL D:/BFH/Projektarbeiten_Semester4/VHDL_Brun/Projekt/Counter360.vhd sub00/vhpl12 1366668496
EN rgbencoder NULL D:/BFH/Projektarbeiten_Semester4/VHDL_Brun/Projekt/RGBEncoder.vhd sub00/vhpl08 1366668494
EN top_schematic NULL D:/BFH/Projektarbeiten_Semester4/VHDL_Brun/Projekt/Top_schematic.vhf sub00/vhpl10 1366668498
AR top_schematic behavioral D:/BFH/Projektarbeiten_Semester4/VHDL_Brun/Projekt/Top_schematic.vhf sub00/vhpl11 1366668499
