AR rgbencoder behavioral D:/BFH/Projektarbeiten_Semester4/VHDL_Brun/Projekt/RGBEncoder.vhd sub00/vhpl05 1366644479
EN pwmencoder NULL D:/BFH/Projektarbeiten_Semester4/VHDL_Brun/Projekt/PWMEncoder.vhd sub00/vhpl01 1366644676
AR counter256 behavioral D:/BFH/Projektarbeiten_Semester4/VHDL_Brun/Projekt/Counter256.vhd sub00/vhpl02 1366645462
AR pwmencoder behavioral D:/BFH/Projektarbeiten_Semester4/VHDL_Brun/Projekt/PWMEncoder.vhd sub00/vhpl03 1366644677
EN rotarydecoder NULL D:/BFH/Projektarbeiten_Semester4/VHDL_Brun/Projekt/RotaryDecoder.vhd sub00/vhpl06 1366645656
EN counter256 NULL D:/BFH/Projektarbeiten_Semester4/VHDL_Brun/Projekt/Counter256.vhd sub00/vhpl00 1366645461
AR counter360 behavioral D:/BFH/Projektarbeiten_Semester4/VHDL_Brun/Projekt/Counter360.vhd sub00/vhpl09 1366645914
EN counter360 NULL D:/BFH/Projektarbeiten_Semester4/VHDL_Brun/Projekt/Counter360.vhd sub00/vhpl08 1366645913
AR rotarydecoder behavioral D:/BFH/Projektarbeiten_Semester4/VHDL_Brun/Projekt/RotaryDecoder.vhd sub00/vhpl07 1366645657
EN rgbencoder NULL D:/BFH/Projektarbeiten_Semester4/VHDL_Brun/Projekt/RGBEncoder.vhd sub00/vhpl04 1366644478
