AR counter384 behavioral D:/BFH/Projektarbeiten_Semester4/VHDL_Brun/Projekt/Counter360.vhd sub00/vhpl01 1371105948
AR rgbencoder behavioral D:/BFH/Projektarbeiten_Semester4/VHDL_Brun/Projekt/RGBEncoder.vhd sub00/vhpl07 1371105942
EN autorepeat NULL D:/BFH/Projektarbeiten_Semester4/VHDL_Brun/Projekt/AutoRepeat.vhd sub00/vhpl10 1371105945
EN pwmencoder NULL D:/BFH/Projektarbeiten_Semester4/VHDL_Brun/Projekt/PWMEncoder.vhd sub00/vhpl04 1371108121
AR autorepeat behavioral D:/BFH/Projektarbeiten_Semester4/VHDL_Brun/Projekt/AutoRepeat.vhd sub00/vhpl11 1371105946
AR counter256 behavioral D:/BFH/Projektarbeiten_Semester4/VHDL_Brun/Projekt/Counter256.vhd sub00/vhpl03 1371105938
AR pwmencoder behavioral D:/BFH/Projektarbeiten_Semester4/VHDL_Brun/Projekt/PWMEncoder.vhd sub00/vhpl05 1371108122
EN rotarydecoder NULL D:/BFH/Projektarbeiten_Semester4/VHDL_Brun/Projekt/RotaryDecoder.vhd sub00/vhpl08 1371105943
EN counter256 NULL D:/BFH/Projektarbeiten_Semester4/VHDL_Brun/Projekt/Counter256.vhd sub00/vhpl02 1371105937
AR rotarydecoder behavioral D:/BFH/Projektarbeiten_Semester4/VHDL_Brun/Projekt/RotaryDecoder.vhd sub00/vhpl09 1371105944
EN counter384 NULL D:/BFH/Projektarbeiten_Semester4/VHDL_Brun/Projekt/Counter360.vhd sub00/vhpl00 1371105947
EN duplicater NULL //boiler.bfh.ch/stolc2/VHDL/RGB/Projekt/Duplicater.vhd sub00/vhpl14 1366978482
EN rgbencoder NULL D:/BFH/Projektarbeiten_Semester4/VHDL_Brun/Projekt/RGBEncoder.vhd sub00/vhpl06 1371105941
EN top_schematic NULL D:/BFH/Projektarbeiten_Semester4/VHDL_Brun/Projekt/Top_schematic.vhf sub00/vhpl12 1371105949
AR top_schematic behavioral D:/BFH/Projektarbeiten_Semester4/VHDL_Brun/Projekt/Top_schematic.vhf sub00/vhpl13 1371105950
AR duplicater behavioral //boiler.bfh.ch/stolc2/VHDL/RGB/Projekt/Duplicater.vhd sub00/vhpl15 1366978483
