V3 3
FL D:/BFH/Projektarbeiten_Semester4/VHDL_Brun/Projekt/RotaryDecoder.vhd 2013/04/18.15:10:50 O.76xd
EN work/RotaryDecoder 1366290653 \
      FL D:/BFH/Projektarbeiten_Semester4/VHDL_Brun/Projekt/RotaryDecoder.vhd \
      PB ieee/std_logic_1164 1317710503
AR work/RotaryDecoder/Behavioral 1366290654 \
      FL D:/BFH/Projektarbeiten_Semester4/VHDL_Brun/Projekt/RotaryDecoder.vhd \
      EN work/RotaryDecoder 1366290653
