V3 27
FL D:/BFH/Projektarbeiten_Semester4/VHDL_Brun/Projekt/Counter256.vhd 2013/04/22.15:25:27 P.15xf
EN work/Counter256 1366668488 \
      FL D:/BFH/Projektarbeiten_Semester4/VHDL_Brun/Projekt/Counter256.vhd \
      PB ieee/std_logic_1164 1335251622 PB ieee/NUMERIC_STD 1335251627
AR work/Counter256/Behavioral 1366668489 \
      FL D:/BFH/Projektarbeiten_Semester4/VHDL_Brun/Projekt/Counter256.vhd \
      EN work/Counter256 1366668488
FL D:/BFH/Projektarbeiten_Semester4/VHDL_Brun/Projekt/Counter360.vhd 2013/04/23.00:04:06 P.15xf
AR work/Counter360/Behavioral 1366667412 \
      FL D:/BFH/Projektarbeiten_Semester4/VHDL_Brun/Projekt/Counter360.vhd \
      EN work/Counter360 1366667411
EN work/Counter384 1366668496 \
      FL D:/BFH/Projektarbeiten_Semester4/VHDL_Brun/Projekt/Counter360.vhd \
      PB ieee/std_logic_1164 1335251622 PB ieee/NUMERIC_STD 1335251627
AR work/Counter384/Behavioral 1366668497 \
      FL D:/BFH/Projektarbeiten_Semester4/VHDL_Brun/Projekt/Counter360.vhd \
      EN work/Counter384 1366668496
FL D:/BFH/Projektarbeiten_Semester4/VHDL_Brun/Projekt/PWMEncoder.vhd 2013/04/22.17:31:14 P.15xf
EN work/PWMEncoder 1366668490 \
      FL D:/BFH/Projektarbeiten_Semester4/VHDL_Brun/Projekt/PWMEncoder.vhd \
      PB ieee/std_logic_1164 1335251622 PB ieee/NUMERIC_STD 1335251627
AR work/PWMEncoder/Behavioral 1366668491 \
      FL D:/BFH/Projektarbeiten_Semester4/VHDL_Brun/Projekt/PWMEncoder.vhd \
      EN work/PWMEncoder 1366668490
FL D:/BFH/Projektarbeiten_Semester4/VHDL_Brun/Projekt/RGBEncoder.vhd 2013/04/23.00:02:49 P.15xf
EN work/RGBEncoder 1366668494 \
      FL D:/BFH/Projektarbeiten_Semester4/VHDL_Brun/Projekt/RGBEncoder.vhd \
      PB ieee/std_logic_1164 1335251622 PB ieee/NUMERIC_STD 1335251627
AR work/RGBEncoder/Behavioral 1366668495 \
      FL D:/BFH/Projektarbeiten_Semester4/VHDL_Brun/Projekt/RGBEncoder.vhd \
      EN work/RGBEncoder 1366668494
FL D:/BFH/Projektarbeiten_Semester4/VHDL_Brun/Projekt/RotaryDecoder.vhd 2013/04/22.17:47:31 P.15xf
EN work/RotaryDecoder 1366668492 \
      FL D:/BFH/Projektarbeiten_Semester4/VHDL_Brun/Projekt/RotaryDecoder.vhd \
      PB ieee/std_logic_1164 1335251622
AR work/RotaryDecoder/Behavioral 1366668493 \
      FL D:/BFH/Projektarbeiten_Semester4/VHDL_Brun/Projekt/RotaryDecoder.vhd \
      EN work/RotaryDecoder 1366668492
FL D:/BFH/Projektarbeiten_Semester4/VHDL_Brun/Projekt/Top_schematic.vhf 2013/04/23.00:08:04 P.15xf
EN work/Top_schematic 1366668498 \
      FL D:/BFH/Projektarbeiten_Semester4/VHDL_Brun/Projekt/Top_schematic.vhf \
      PB ieee/std_logic_1164 1335251622 PB ieee/NUMERIC_STD 1335251627 LB UNISIM \
      PH unisim/VCOMPONENTS 1335251629
AR work/Top_schematic/BEHAVIORAL 1366668499 \
      FL D:/BFH/Projektarbeiten_Semester4/VHDL_Brun/Projekt/Top_schematic.vhf \
      EN work/Top_schematic 1366668498 CP Counter256 CP PWMEncoder CP RotaryDecoder \
      CP RGBEncoder CP Counter384
