V3 38
FL //boiler.bfh.ch/stolc2/VHDL/RGB/Projekt/AutoRepeat.vhd 2013/04/24.17:54:28 P.15xf
FL //boiler.bfh.ch/stolc2/VHDL/RGB/Projekt/Counter256.vhd 2013/04/23.21:21:56 P.15xf
FL //boiler.bfh.ch/stolc2/VHDL/RGB/Projekt/Counter360.vhd 2013/04/25.09:24:49 P.15xf
FL //boiler.bfh.ch/stolc2/VHDL/RGB/Projekt/Duplicater.vhd 2013/04/26.13:44:26 P.15xf
EN work/Duplicater 1366978482 \
      FL //boiler.bfh.ch/stolc2/VHDL/RGB/Projekt/Duplicater.vhd \
      PB ieee/std_logic_1164 1335251622
AR work/Duplicater/Behavioral 1366978483 \
      FL //boiler.bfh.ch/stolc2/VHDL/RGB/Projekt/Duplicater.vhd \
      EN work/Duplicater 1366978482
FL //boiler.bfh.ch/stolc2/VHDL/RGB/Projekt/PWMEncoder.vhd 2013/04/26.14:07:28 P.15xf
FL //boiler.bfh.ch/stolc2/VHDL/RGB/Projekt/RGBEncoder.vhd 2013/04/25.09:17:20 P.15xf
FL //boiler.bfh.ch/stolc2/VHDL/RGB/Projekt/RotaryDecoder.vhd 2013/04/22.17:47:32 P.15xf
FL //boiler.bfh.ch/stolc2/VHDL/RGB/Projekt/Top_schematic.vhf 2013/04/26.14:22:56 P.15xf
FL D:/BFH/Projektarbeiten_Semester4/VHDL_Brun/Projekt/AutoRepeat.vhd 2013/04/24.17:54:28 P.15xf
EN work/AutoRepeat 1371105945 \
      FL D:/BFH/Projektarbeiten_Semester4/VHDL_Brun/Projekt/AutoRepeat.vhd \
      PB ieee/std_logic_1164 1335251622 PB ieee/NUMERIC_STD 1341906182
AR work/AutoRepeat/Behavioral 1371105946 \
      FL D:/BFH/Projektarbeiten_Semester4/VHDL_Brun/Projekt/AutoRepeat.vhd \
      EN work/AutoRepeat 1371105945
FL D:/BFH/Projektarbeiten_Semester4/VHDL_Brun/Projekt/Counter256.vhd 2013/06/13.08:44:12 P.15xf
EN work/Counter256 1371105937 \
      FL D:/BFH/Projektarbeiten_Semester4/VHDL_Brun/Projekt/Counter256.vhd \
      PB ieee/std_logic_1164 1335251622 PB ieee/NUMERIC_STD 1341906182
AR work/Counter256/Behavioral 1371105938 \
      FL D:/BFH/Projektarbeiten_Semester4/VHDL_Brun/Projekt/Counter256.vhd \
      EN work/Counter256 1371105937
FL D:/BFH/Projektarbeiten_Semester4/VHDL_Brun/Projekt/Counter360.vhd 2013/06/06.14:20:30 P.15xf
EN work/Counter384 1371105947 \
      FL D:/BFH/Projektarbeiten_Semester4/VHDL_Brun/Projekt/Counter360.vhd \
      PB ieee/std_logic_1164 1335251622 PB ieee/NUMERIC_STD 1341906182
AR work/Counter384/Behavioral 1371105948 \
      FL D:/BFH/Projektarbeiten_Semester4/VHDL_Brun/Projekt/Counter360.vhd \
      EN work/Counter384 1371105947
FL D:/BFH/Projektarbeiten_Semester4/VHDL_Brun/Projekt/PWMEncoder.vhd 2013/06/13.09:21:54 P.15xf
EN work/PWMEncoder 1371108121 \
      FL D:/BFH/Projektarbeiten_Semester4/VHDL_Brun/Projekt/PWMEncoder.vhd \
      PB ieee/std_logic_1164 1335251622 PB ieee/NUMERIC_STD 1341906182
AR work/PWMEncoder/Behavioral 1371108122 \
      FL D:/BFH/Projektarbeiten_Semester4/VHDL_Brun/Projekt/PWMEncoder.vhd \
      EN work/PWMEncoder 1371108121
FL D:/BFH/Projektarbeiten_Semester4/VHDL_Brun/Projekt/RGBEncoder.vhd 2013/04/25.09:17:22 P.15xf
EN work/RGBEncoder 1371105941 \
      FL D:/BFH/Projektarbeiten_Semester4/VHDL_Brun/Projekt/RGBEncoder.vhd \
      PB ieee/std_logic_1164 1335251622 PB ieee/NUMERIC_STD 1341906182
AR work/RGBEncoder/Behavioral 1371105942 \
      FL D:/BFH/Projektarbeiten_Semester4/VHDL_Brun/Projekt/RGBEncoder.vhd \
      EN work/RGBEncoder 1371105941
FL D:/BFH/Projektarbeiten_Semester4/VHDL_Brun/Projekt/RotaryDecoder.vhd 2013/06/06.10:41:06 P.15xf
EN work/RotaryDecoder 1371105943 \
      FL D:/BFH/Projektarbeiten_Semester4/VHDL_Brun/Projekt/RotaryDecoder.vhd \
      PB ieee/std_logic_1164 1335251622
AR work/RotaryDecoder/Behavioral 1371105944 \
      FL D:/BFH/Projektarbeiten_Semester4/VHDL_Brun/Projekt/RotaryDecoder.vhd \
      EN work/RotaryDecoder 1371105943
FL D:/BFH/Projektarbeiten_Semester4/VHDL_Brun/Projekt/Top_schematic.vhf 2013/05/07.11:25:20 P.15xf
EN work/Top_schematic 1371105949 \
      FL D:/BFH/Projektarbeiten_Semester4/VHDL_Brun/Projekt/Top_schematic.vhf \
      PB ieee/std_logic_1164 1335251622 PB ieee/NUMERIC_STD 1341906182 LB UNISIM \
      PH unisim/VCOMPONENTS 1341906184
AR work/Top_schematic/BEHAVIORAL 1371105950 \
      FL D:/BFH/Projektarbeiten_Semester4/VHDL_Brun/Projekt/Top_schematic.vhf \
      EN work/Top_schematic 1371105949 CP Counter256 CP PWMEncoder CP RGBEncoder \
      CP RotaryDecoder CP AutoRepeat CP Counter384
