Release 14.1 - xst P.15xf (nt64)
Copyright (c) 1995-2012 Xilinx, Inc.  All rights reserved.
--> Parameter TMPDIR set to xst/projnav.tmp


Total REAL time to Xst completion: 0.00 secs
Total CPU time to Xst completion: 0.19 secs
 
--> Parameter xsthdpdir set to xst


Total REAL time to Xst completion: 0.00 secs
Total CPU time to Xst completion: 0.19 secs
 
--> Reading design: Top_schematic.prj

TABLE OF CONTENTS
  1) Synthesis Options Summary
  2) HDL Compilation
  3) Design Hierarchy Analysis
  4) HDL Analysis
  5) HDL Synthesis
     5.1) HDL Synthesis Report
  6) Advanced HDL Synthesis
     6.1) Advanced HDL Synthesis Report
  7) Low Level Synthesis
  8) Partition Report
  9) Final Report
	9.1) Device utilization summary
	9.2) Partition Resource Summary
	9.3) TIMING REPORT


=========================================================================
*                      Synthesis Options Summary                        *
=========================================================================
---- Source Parameters
Input File Name                    : "Top_schematic.prj"
Input Format                       : mixed
Ignore Synthesis Constraint File   : NO

---- Target Parameters
Output File Name                   : "Top_schematic"
Output Format                      : NGC
Target Device                      : xc3s500e-4-fg320

---- Source Options
Top Module Name                    : Top_schematic
Automatic FSM Extraction           : YES
FSM Encoding Algorithm             : Auto
Safe Implementation                : No
FSM Style                          : LUT
RAM Extraction                     : Yes
RAM Style                          : Auto
ROM Extraction                     : Yes
Mux Style                          : Auto
Decoder Extraction                 : YES
Priority Encoder Extraction        : Yes
Shift Register Extraction          : YES
Logical Shifter Extraction         : YES
XOR Collapsing                     : YES
ROM Style                          : Auto
Mux Extraction                     : Yes
Resource Sharing                   : YES
Asynchronous To Synchronous        : NO
Multiplier Style                   : Auto
Automatic Register Balancing       : No

---- Target Options
Add IO Buffers                     : YES
Global Maximum Fanout              : 500
Add Generic Clock Buffer(BUFG)     : 24
Register Duplication               : YES
Slice Packing                      : YES
Optimize Instantiated Primitives   : NO
Use Clock Enable                   : Yes
Use Synchronous Set                : Yes
Use Synchronous Reset              : Yes
Pack IO Registers into IOBs        : Auto
Equivalent register Removal        : YES

---- General Options
Optimization Goal                  : Speed
Optimization Effort                : 1
Keep Hierarchy                     : No
Netlist Hierarchy                  : As_Optimized
RTL Output                         : Yes
Global Optimization                : AllClockNets
Read Cores                         : YES
Write Timing Constraints           : NO
Cross Clock Analysis               : NO
Hierarchy Separator                : /
Bus Delimiter                      : <>
Case Specifier                     : Maintain
Slice Utilization Ratio            : 100
BRAM Utilization Ratio             : 100
Verilog 2001                       : YES
Auto BRAM Packing                  : NO
Slice Utilization Ratio Delta      : 5

=========================================================================


=========================================================================
*                          HDL Compilation                              *
=========================================================================
Compiling vhdl file "D:/BFH/Projektarbeiten_Semester4/VHDL_Brun/Projekt/Counter256.vhd" in Library work.
Architecture behavioral of Entity counter256 is up to date.
Compiling vhdl file "D:/BFH/Projektarbeiten_Semester4/VHDL_Brun/Projekt/PWMEncoder.vhd" in Library work.
Architecture behavioral of Entity pwmencoder is up to date.
Compiling vhdl file "D:/BFH/Projektarbeiten_Semester4/VHDL_Brun/Projekt/RGBEncoder.vhd" in Library work.
Architecture behavioral of Entity rgbencoder is up to date.
Compiling vhdl file "D:/BFH/Projektarbeiten_Semester4/VHDL_Brun/Projekt/RotaryDecoder.vhd" in Library work.
Architecture behavioral of Entity rotarydecoder is up to date.
Compiling vhdl file "D:/BFH/Projektarbeiten_Semester4/VHDL_Brun/Projekt/AutoRepeat.vhd" in Library work.
Architecture behavioral of Entity autorepeat is up to date.
Compiling vhdl file "D:/BFH/Projektarbeiten_Semester4/VHDL_Brun/Projekt/Counter360.vhd" in Library work.
Architecture behavioral of Entity counter384 is up to date.
Compiling vhdl file "D:/BFH/Projektarbeiten_Semester4/VHDL_Brun/Projekt/Top_schematic.vhf" in Library work.
Entity <top_schematic> compiled.
Entity <top_schematic> (Architecture <behavioral>) compiled.

=========================================================================
*                     Design Hierarchy Analysis                         *
=========================================================================
Analyzing hierarchy for entity <Top_schematic> in library <work> (architecture <behavioral>).

Analyzing hierarchy for entity <Counter256> in library <work> (architecture <behavioral>).

Analyzing hierarchy for entity <PWMEncoder> in library <work> (architecture <behavioral>).

Analyzing hierarchy for entity <RGBEncoder> in library <work> (architecture <behavioral>).

Analyzing hierarchy for entity <RotaryDecoder> in library <work> (architecture <behavioral>).

Analyzing hierarchy for entity <AutoRepeat> in library <work> (architecture <behavioral>).

Analyzing hierarchy for entity <Counter384> in library <work> (architecture <behavioral>).


=========================================================================
*                            HDL Analysis                               *
=========================================================================
Analyzing Entity <Top_schematic> in library <work> (Architecture <behavioral>).
Entity <Top_schematic> analyzed. Unit <Top_schematic> generated.

Analyzing Entity <Counter256> in library <work> (Architecture <behavioral>).
Entity <Counter256> analyzed. Unit <Counter256> generated.

Analyzing Entity <PWMEncoder> in library <work> (Architecture <behavioral>).
Entity <PWMEncoder> analyzed. Unit <PWMEncoder> generated.

Analyzing Entity <RGBEncoder> in library <work> (Architecture <behavioral>).
WARNING:Xst:1610 - "D:/BFH/Projektarbeiten_Semester4/VHDL_Brun/Projekt/RGBEncoder.vhd" line 66: Width mismatch. <led_value> has a width of 16 bits but assigned expression is 17-bit wide.
WARNING:Xst:1610 - "D:/BFH/Projektarbeiten_Semester4/VHDL_Brun/Projekt/RGBEncoder.vhd" line 71: Width mismatch. <led_value> has a width of 16 bits but assigned expression is 17-bit wide.
WARNING:Xst:1610 - "D:/BFH/Projektarbeiten_Semester4/VHDL_Brun/Projekt/RGBEncoder.vhd" line 79: Width mismatch. <led_value> has a width of 16 bits but assigned expression is 17-bit wide.
WARNING:Xst:1610 - "D:/BFH/Projektarbeiten_Semester4/VHDL_Brun/Projekt/RGBEncoder.vhd" line 84: Width mismatch. <led_value> has a width of 16 bits but assigned expression is 17-bit wide.
WARNING:Xst:1610 - "D:/BFH/Projektarbeiten_Semester4/VHDL_Brun/Projekt/RGBEncoder.vhd" line 89: Width mismatch. <led_value> has a width of 16 bits but assigned expression is 17-bit wide.
WARNING:Xst:1610 - "D:/BFH/Projektarbeiten_Semester4/VHDL_Brun/Projekt/RGBEncoder.vhd" line 97: Width mismatch. <led_value> has a width of 16 bits but assigned expression is 17-bit wide.
Entity <RGBEncoder> analyzed. Unit <RGBEncoder> generated.

Analyzing Entity <RotaryDecoder> in library <work> (Architecture <behavioral>).
INFO:Xst:1561 - "D:/BFH/Projektarbeiten_Semester4/VHDL_Brun/Projekt/RotaryDecoder.vhd" line 64: Mux is complete : default of case is discarded
Entity <RotaryDecoder> analyzed. Unit <RotaryDecoder> generated.

Analyzing Entity <AutoRepeat> in library <work> (Architecture <behavioral>).
Entity <AutoRepeat> analyzed. Unit <AutoRepeat> generated.

Analyzing Entity <Counter384> in library <work> (Architecture <behavioral>).
WARNING:Xst:1610 - "D:/BFH/Projektarbeiten_Semester4/VHDL_Brun/Projekt/Counter360.vhd" line 71: Width mismatch. <cnt> has a width of 9 bits but assigned expression is 10-bit wide.
Entity <Counter384> analyzed. Unit <Counter384> generated.


=========================================================================
*                           HDL Synthesis                               *
=========================================================================

Performing bidirectional port resolution...

Synthesizing Unit <Counter256>.
    Related source file is "D:/BFH/Projektarbeiten_Semester4/VHDL_Brun/Projekt/Counter256.vhd".
    Found 8-bit updown counter for signal <cnt>.
    Found 1-bit register for signal <DOWN_old>.
    Found 1-bit register for signal <UP_old>.
    Summary:
	inferred   1 Counter(s).
	inferred   2 D-type flip-flop(s).
Unit <Counter256> synthesized.


Synthesizing Unit <PWMEncoder>.
    Related source file is "D:/BFH/Projektarbeiten_Semester4/VHDL_Brun/Projekt/PWMEncoder.vhd".
    Found 256x32-bit ROM for signal <PWM$rom0000> created at line 329.
    Found 256x32-bit ROM for signal <PWM$rom0001> created at line 329.
    Found 1-bit register for signal <PWM>.
    Found 8-bit up counter for signal <clock_divider>.
    Found 8-bit adder for signal <PWM$add0000> created at line 320.
    Found 32-bit comparator less for signal <PWM$cmp_lt0000> created at line 329.
    Found 8-bit register for signal <PWM_period>.
    Found 8-bit adder for signal <PWM_period$addsub0000> created at line 323.
    Summary:
	inferred   2 ROM(s).
	inferred   1 Counter(s).
	inferred   9 D-type flip-flop(s).
	inferred   2 Adder/Subtractor(s).
	inferred   1 Comparator(s).
Unit <PWMEncoder> synthesized.


Synthesizing Unit <RGBEncoder>.
    Related source file is "D:/BFH/Projektarbeiten_Semester4/VHDL_Brun/Projekt/RGBEncoder.vhd".
WARNING:Xst:647 - Input <BUTTON> is never used. This port will be preserved and left unconnected if it belongs to a top-level block or it belongs to a sub-block and the hierarchy of this sub-block is preserved.
    Found 8-bit register for signal <B>.
    Found 8-bit register for signal <G>.
    Found 8-bit register for signal <R>.
    Found 8-bit adder for signal <base$addsub0000> created at line 61.
    Found 8x8-bit multiplier for signal <base$mult0000> created at line 61.
    Found 17-bit adder for signal <led_value$add0000> created at line 66.
    Found 17-bit adder for signal <led_value$add0001> created at line 71.
    Found 17-bit adder for signal <led_value$add0002> created at line 79.
    Found 9-bit adder for signal <led_value$addsub0000> created at line 71.
    Found 9x8-bit multiplier for signal <led_value$mult0000> created at line 66.
    Found 9x8-bit multiplier for signal <led_value$mult0001> created at line 71.
    Found 9x8-bit multiplier for signal <led_value$mult0002> created at line 79.
    Found 8-bit subtractor for signal <led_value$sub0000> created at line 66.
    Summary:
	inferred  24 D-type flip-flop(s).
	inferred   6 Adder/Subtractor(s).
	inferred   4 Multiplier(s).
Unit <RGBEncoder> synthesized.


Synthesizing Unit <RotaryDecoder>.
    Related source file is "D:/BFH/Projektarbeiten_Semester4/VHDL_Brun/Projekt/RotaryDecoder.vhd".
WARNING:Xst:1780 - Signal <rotary_left> is never used or assigned. This unconnected signal will be trimmed during the optimization process.
WARNING:Xst:646 - Signal <rotary_event> is assigned but never used. This unconnected signal will be trimmed during the optimization process.
    Found 1-bit register for signal <UP>.
    Found 1-bit register for signal <DOWN>.
    Found 1-bit register for signal <delay_rotary_q1>.
    Found 2-bit register for signal <rotary_in>.
    Found 1-bit register for signal <rotary_q1>.
    Found 1-bit 4-to-1 multiplexer for signal <rotary_q1$mux0000> created at line 60.
    Found 1-bit register for signal <rotary_q2>.
    Found 1-bit 4-to-1 multiplexer for signal <rotary_q2$mux0000> created at line 60.
    Summary:
	inferred   7 D-type flip-flop(s).
	inferred   2 Multiplexer(s).
Unit <RotaryDecoder> synthesized.


Synthesizing Unit <AutoRepeat>.
    Related source file is "D:/BFH/Projektarbeiten_Semester4/VHDL_Brun/Projekt/AutoRepeat.vhd".
    Found 17-bit up counter for signal <clock_divider>.
    Found 1-bit register for signal <output_int>.
    Found 17-bit adder for signal <output_int$addsub0000> created at line 51.
    Summary:
	inferred   1 Counter(s).
	inferred   1 D-type flip-flop(s).
	inferred   1 Adder/Subtractor(s).
Unit <AutoRepeat> synthesized.


Synthesizing Unit <Counter384>.
    Related source file is "D:/BFH/Projektarbeiten_Semester4/VHDL_Brun/Projekt/Counter360.vhd".
    Found 9-bit register for signal <cnt>.
    Found 9-bit addsub for signal <cnt$share0000>.
    Found 1-bit register for signal <DOWN_old>.
    Found 1-bit register for signal <UP_old>.
    Summary:
	inferred  11 D-type flip-flop(s).
	inferred   1 Adder/Subtractor(s).
Unit <Counter384> synthesized.


Synthesizing Unit <Top_schematic>.
    Related source file is "D:/BFH/Projektarbeiten_Semester4/VHDL_Brun/Projekt/Top_schematic.vhf".
Unit <Top_schematic> synthesized.

INFO:Xst:1767 - HDL ADVISOR - Resource sharing has identified that some arithmetic operations in this design can share the same physical resources for reduced device utilization. For improved clock frequency you may try to disable resource sharing.

=========================================================================
HDL Synthesis Report

Macro Statistics
# ROMs                                                 : 3
 256x32-bit ROM                                        : 3
# Multipliers                                          : 4
 8x8-bit multiplier                                    : 1
 9x8-bit multiplier                                    : 3
# Adders/Subtractors                                   : 17
 17-bit adder                                          : 7
 8-bit adder                                           : 7
 8-bit subtractor                                      : 1
 9-bit adder                                           : 1
 9-bit addsub                                          : 1
# Counters                                             : 9
 17-bit up counter                                     : 4
 8-bit up counter                                      : 3
 8-bit updown counter                                  : 2
# Registers                                            : 26
 1-bit register                                        : 18
 2-bit register                                        : 1
 8-bit register                                        : 6
 9-bit register                                        : 1
# Comparators                                          : 3
 32-bit comparator less                                : 3
# Multiplexers                                         : 2
 1-bit 4-to-1 multiplexer                              : 2

=========================================================================

=========================================================================
*                       Advanced HDL Synthesis                          *
=========================================================================


Synthesizing (advanced) Unit <Top_schematic>.
INFO:Xst:3044 - The ROM <XLXI_5/Mrom_PWM_rom0000> will be implemented as a read-only BLOCK RAM, absorbing the register: <XLXI_31/B>.
INFO:Xst:3044 - The ROM <XLXI_4/Mrom_PWM_rom0000> will be implemented as a read-only BLOCK RAM, absorbing the register: <XLXI_31/G>.
INFO:Xst:3044 - The ROM <XLXI_3/Mrom_PWM_rom0000> will be implemented as a read-only BLOCK RAM, absorbing the register: <XLXI_31/R>.
INFO:Xst:3225 - The RAM <XLXI_5/Mrom_PWM_rom0000> will be implemented as BLOCK RAM
    -----------------------------------------------------------------------
    | ram_type           | Block                               |          |
    -----------------------------------------------------------------------
    | Port A                                                              |
    |     aspect ratio   | 256-word x 32-bit                   |          |
    |     mode           | write-first                         |          |
    |     clkA           | connected to signal <SYSTEM_CLK>    | rise     |
    |     enA            | connected to signal <RESET>         | low      |
    |     weA            | connected to signal <GND>           | high     |
    |     addrA          | connected to internal node          |          |
    |     diA            | connected to signal <GND>           |          |
    |     doA            | connected to internal node          |          |
    -----------------------------------------------------------------------
    | optimization       | speed                               |          |
    -----------------------------------------------------------------------
INFO:Xst:3225 - The RAM <XLXI_4/Mrom_PWM_rom0000> will be implemented as BLOCK RAM
    -----------------------------------------------------------------------
    | ram_type           | Block                               |          |
    -----------------------------------------------------------------------
    | Port A                                                              |
    |     aspect ratio   | 256-word x 32-bit                   |          |
    |     mode           | write-first                         |          |
    |     clkA           | connected to signal <SYSTEM_CLK>    | rise     |
    |     enA            | connected to signal <RESET>         | low      |
    |     weA            | connected to signal <GND>           | high     |
    |     addrA          | connected to internal node          |          |
    |     diA            | connected to signal <GND>           |          |
    |     doA            | connected to internal node          |          |
    -----------------------------------------------------------------------
    | optimization       | speed                               |          |
    -----------------------------------------------------------------------
INFO:Xst:3225 - The RAM <XLXI_3/Mrom_PWM_rom0000> will be implemented as BLOCK RAM
    -----------------------------------------------------------------------
    | ram_type           | Block                               |          |
    -----------------------------------------------------------------------
    | Port A                                                              |
    |     aspect ratio   | 256-word x 32-bit                   |          |
    |     mode           | write-first                         |          |
    |     clkA           | connected to signal <SYSTEM_CLK>    | rise     |
    |     enA            | connected to signal <RESET>         | low      |
    |     weA            | connected to signal <GND>           | high     |
    |     addrA          | connected to internal node          |          |
    |     diA            | connected to signal <GND>           |          |
    |     doA            | connected to internal node          |          |
    -----------------------------------------------------------------------
    | optimization       | speed                               |          |
    -----------------------------------------------------------------------
Unit <Top_schematic> synthesized (advanced).

=========================================================================
Advanced HDL Synthesis Report

Macro Statistics
# RAMs                                                 : 3
 256x32-bit single-port block RAM                      : 3
# Multipliers                                          : 4
 7x8-bit multiplier                                    : 1
 8x8-bit multiplier                                    : 1
 9x8-bit multiplier                                    : 2
# Adders/Subtractors                                   : 17
 17-bit adder                                          : 4
 8-bit adder                                           : 10
 8-bit subtractor                                      : 1
 9-bit adder                                           : 1
 9-bit addsub                                          : 1
# Counters                                             : 9
 17-bit up counter                                     : 4
 8-bit up counter                                      : 3
 8-bit updown counter                                  : 2
# Registers                                            : 53
 Flip-Flops                                            : 53
# Comparators                                          : 3
 32-bit comparator less                                : 3
# Multiplexers                                         : 2
 1-bit 4-to-1 multiplexer                              : 2

=========================================================================

=========================================================================
*                         Low Level Synthesis                           *
=========================================================================
INFO:Xst:2146 - In block <Top_schematic>, Counter <XLXI_42/clock_divider> <XLXI_5/clock_divider> <XLXI_4/clock_divider> <XLXI_3/clock_divider> <XLXI_41/clock_divider> <XLXI_40/clock_divider> <XLXI_39/clock_divider> are equivalent, XST will keep only <XLXI_42/clock_divider>.
INFO:Xst:2697 - Unit <Top_schematic> : the RAMs <XLXI_5/Mrom_PWM_rom0000>, <XLXI_4/Mrom_PWM_rom0000> are packed into the single block RAM <XLXI_5/Mrom_PWM_rom00001>

Optimizing unit <Top_schematic> ...

Optimizing unit <Counter256> ...

Optimizing unit <RotaryDecoder> ...

Optimizing unit <Counter384> ...

Mapping all equations...
Building and optimizing final netlist ...
Found area constraint ratio of 100 (+ 5) on block Top_schematic, actual ratio is 6.

Final Macro Processing ...

=========================================================================
Final Register Report

Macro Statistics
# Registers                                            : 86
 Flip-Flops                                            : 86

=========================================================================

=========================================================================
*                           Partition Report                            *
=========================================================================

Partition Implementation Status
-------------------------------

  No Partitions were found in this design.

-------------------------------

=========================================================================
*                            Final Report                               *
=========================================================================
Final Results
RTL Top Level Output File Name     : Top_schematic.ngr
Top Level Output File Name         : Top_schematic
Output Format                      : NGC
Optimization Goal                  : Speed
Keep Hierarchy                     : No

Design Statistics
# IOs                              : 12

Cell Usage :
# BELS                             : 808
#      GND                         : 1
#      INV                         : 21
#      LUT1                        : 84
#      LUT2                        : 52
#      LUT2_L                      : 24
#      LUT3                        : 57
#      LUT4                        : 201
#      LUT4_D                      : 1
#      MULT_AND                    : 24
#      MUXCY                       : 192
#      MUXF5                       : 8
#      VCC                         : 1
#      XORCY                       : 142
# FlipFlops/Latches                : 86
#      FD                          : 5
#      FDC                         : 17
#      FDCE                        : 37
#      FDE                         : 9
#      FDPE                        : 16
#      FDRE                        : 2
# RAMS                             : 2
#      RAMB16_S36                  : 1
#      RAMB16_S36_S36              : 1
# Clock Buffers                    : 1
#      BUFGP                       : 1
# IO Buffers                       : 10
#      IBUF                        : 7
#      OBUF                        : 3
# MULTs                            : 4
#      MULT18X18SIO                : 4
=========================================================================

Device utilization summary:
---------------------------

Selected Device : 3s500efg320-4 

 Number of Slices:                      223  out of   4656     4%  
 Number of Slice Flip Flops:             86  out of   9312     0%  
 Number of 4 input LUTs:                440  out of   9312     4%  
 Number of IOs:                          12
 Number of bonded IOBs:                  11  out of    232     4%  
 Number of BRAMs:                         2  out of     20    10%  
 Number of MULT18X18SIOs:                 4  out of     20    20%  
 Number of GCLKs:                         1  out of     24     4%  

---------------------------
Partition Resource Summary:
---------------------------

  No Partitions were found in this design.

---------------------------


=========================================================================
TIMING REPORT

NOTE: THESE TIMING NUMBERS ARE ONLY A SYNTHESIS ESTIMATE.
      FOR ACCURATE TIMING INFORMATION PLEASE REFER TO THE TRACE REPORT
      GENERATED AFTER PLACE-and-ROUTE.

Clock Information:
------------------
-----------------------------------+------------------------+-------+
Clock Signal                       | Clock buffer(FF name)  | Load  |
-----------------------------------+------------------------+-------+
SYSTEM_CLK                         | BUFGP                  | 88    |
-----------------------------------+------------------------+-------+

Asynchronous Control Signals Information:
----------------------------------------
-----------------------------------+------------------------+-------+
Control Signal                     | Buffer(FF name)        | Load  |
-----------------------------------+------------------------+-------+
RESET                              | IBUF                   | 70    |
-----------------------------------+------------------------+-------+

Timing Summary:
---------------
Speed Grade: -4

   Minimum period: 20.831ns (Maximum Frequency: 48.005MHz)
   Minimum input arrival time before clock: 4.787ns
   Maximum output required time after clock: 4.283ns
   Maximum combinational path delay: No path found

Timing Detail:
--------------
All values displayed in nanoseconds (ns)

=========================================================================
Timing constraint: Default period analysis for Clock 'SYSTEM_CLK'
  Clock period: 20.831ns (frequency: 48.005MHz)
  Total number of paths / destination ports: 248686 / 166
-------------------------------------------------------------------------
Delay:               20.831ns (Levels of Logic = 17)
  Source:            XLXI_2/cnt_7 (FF)
  Destination:       XLXI_5/Mrom_PWM_rom00001 (RAM)
  Source Clock:      SYSTEM_CLK rising
  Destination Clock: SYSTEM_CLK rising

  Data Path: XLXI_2/cnt_7 to XLXI_5/Mrom_PWM_rom00001
                                Gate     Net
    Cell:in->out      fanout   Delay   Delay  Logical Name (Net Name)
    ----------------------------------------  ------------
     FDPE:C->Q             5   0.591   0.633  XLXI_2/cnt_7 (XLXI_2/cnt_7)
     INV:I->O              1   0.704   0.420  XLXI_31/Madd_base_not0000<7>1_INV_0 (XLXI_31/Madd_base_not0000<7>)
     MULT18X18SIO:A7->P10    7   4.602   0.787  XLXI_31/Mmult_base_mult0000 (XLXI_31/base_mult0000<10>)
     LUT2:I1->O            1   0.704   0.000  XLXI_31/Msub_led_value_sub0000_lut<2> (XLXI_31/Msub_led_value_sub0000_lut<2>)
     MUXCY:S->O            1   0.464   0.000  XLXI_31/Msub_led_value_sub0000_cy<2> (XLXI_31/Msub_led_value_sub0000_cy<2>)
     MUXCY:CI->O           1   0.059   0.000  XLXI_31/Msub_led_value_sub0000_cy<3> (XLXI_31/Msub_led_value_sub0000_cy<3>)
     MUXCY:CI->O           1   0.059   0.000  XLXI_31/Msub_led_value_sub0000_cy<4> (XLXI_31/Msub_led_value_sub0000_cy<4>)
     MUXCY:CI->O           1   0.059   0.000  XLXI_31/Msub_led_value_sub0000_cy<5> (XLXI_31/Msub_led_value_sub0000_cy<5>)
     MUXCY:CI->O           0   0.059   0.000  XLXI_31/Msub_led_value_sub0000_cy<6> (XLXI_31/Msub_led_value_sub0000_cy<6>)
     XORCY:CI->O           3   0.804   0.531  XLXI_31/Msub_led_value_sub0000_xor<7> (XLXI_31/led_value_sub0000<7>)
     MULT18X18SIO:B7->P10    1   4.602   0.499  XLXI_31/Mmult_led_value_mult0001 (XLXI_31/led_value_mult0001<10>)
     LUT2:I1->O            1   0.704   0.000  XLXI_31/Madd_led_value_add0001_Madd_lut<4> (XLXI_31/Madd_led_value_add0001_Madd_lut<4>)
     MUXCY:S->O            1   0.464   0.000  XLXI_31/Madd_led_value_add0001_Madd_cy<4> (XLXI_31/Madd_led_value_add0001_Madd_cy<4>)
     MUXCY:CI->O           1   0.059   0.000  XLXI_31/Madd_led_value_add0001_Madd_cy<5> (XLXI_31/Madd_led_value_add0001_Madd_cy<5>)
     MUXCY:CI->O           0   0.059   0.000  XLXI_31/Madd_led_value_add0001_Madd_cy<6> (XLXI_31/Madd_led_value_add0001_Madd_cy<6>)
     XORCY:CI->O           3   0.804   0.535  XLXI_31/Madd_led_value_add0001_Madd_xor<7> (XLXI_31/led_value_add0001<7>)
     LUT4:I3->O            1   0.704   0.424  XLXI_31/B_mux0002<7>64 (XLXI_31/B_mux0002<7>64)
     LUT4:I3->O            1   0.704   0.420  XLXI_31/B_mux0002<7>78 (XLXI_31/B_mux0002<7>)
     RAMB16_S36_S36:ADDRA7        0.377          XLXI_5/Mrom_PWM_rom00001
    ----------------------------------------
    Total                     20.831ns (16.582ns logic, 4.249ns route)
                                       (79.6% logic, 20.4% route)

=========================================================================
Timing constraint: Default OFFSET IN BEFORE for Clock 'SYSTEM_CLK'
  Total number of paths / destination ports: 18 / 18
-------------------------------------------------------------------------
Offset:              4.787ns (Levels of Logic = 2)
  Source:            RESET (PAD)
  Destination:       XLXI_5/Mrom_PWM_rom00001 (RAM)
  Destination Clock: SYSTEM_CLK rising

  Data Path: RESET to XLXI_5/Mrom_PWM_rom00001
                                Gate     Net
    Cell:in->out      fanout   Delay   Delay  Logical Name (Net Name)
    ----------------------------------------  ------------
     IBUF:I->O            72   1.218   1.275  RESET_IBUF (RESET_IBUF)
     INV:I->O              9   0.704   0.820  RESET_inv_INV_0 (RESET_inv)
     RAMB16_S36_S36:ENA        0.770          XLXI_5/Mrom_PWM_rom00001
    ----------------------------------------
    Total                      4.787ns (2.692ns logic, 2.095ns route)
                                       (56.2% logic, 43.8% route)

=========================================================================
Timing constraint: Default OFFSET OUT AFTER for Clock 'SYSTEM_CLK'
  Total number of paths / destination ports: 3 / 3
-------------------------------------------------------------------------
Offset:              4.283ns (Levels of Logic = 1)
  Source:            XLXI_3/PWM (FF)
  Destination:       ROT (PAD)
  Source Clock:      SYSTEM_CLK rising

  Data Path: XLXI_3/PWM to ROT
                                Gate     Net
    Cell:in->out      fanout   Delay   Delay  Logical Name (Net Name)
    ----------------------------------------  ------------
     FDE:C->Q              1   0.591   0.420  XLXI_3/PWM (XLXI_3/PWM)
     OBUF:I->O                 3.272          ROT_OBUF (ROT)
    ----------------------------------------
    Total                      4.283ns (3.863ns logic, 0.420ns route)
                                       (90.2% logic, 9.8% route)

=========================================================================


Total REAL time to Xst completion: 16.00 secs
Total CPU time to Xst completion: 16.26 secs
 
--> 

Total memory usage is 290672 kilobytes

Number of errors   :    0 (   0 filtered)
Number of warnings :   10 (   0 filtered)
Number of infos    :   10 (   0 filtered)

